# Tests that nodes are printed in alphabetical order

# Create a graph
created graph multiNodeGraph

# Add nodes
added node b to multiNodeGraph
added node a to multiNodeGraph

# Print the nodes in the graph in alphabetical order and the outgoing edges from a and b
multiNodeGraph contains: a b
the children of a in multiNodeGraph are:
the children of b in multiNodeGraph are: